// Vitest Snapshot v1, https://vitest.dev/guide/snapshot.html

exports[`Blog > renders correctly 1`] = `
<div>
  <section
    class="py-24 bg-white"
    id="blog"
  >
    <div
      class="max-w-7xl mx-auto px-4 sm:px-6 lg:px-8"
    >
      <div
        class="flex flex-col md:flex-row justify-between items-end mb-12 gap-6"
      >
        <div>
          <h2
            class="text-3xl md:text-4xl font-bold text-dark-text mb-4"
          >
            Tech Insights
          </h2>
          <div
            class="h-1 w-20 bg-primary rounded-full mb-4"
          />
          <p
            class="text-dark-text/70 max-w-2xl"
          >
            Deep dives into Cloud Architecture, DevOps patterns, and Engineering culture.
          </p>
        </div>
        <a
          class="flex items-center text-primary hover:text-orange-700 transition-colors font-medium group"
          href="#"
        >
          View all articles 
          <svg
            aria-hidden="true"
            class="lucide lucide-arrow-right ml-2 h-4 w-4 group-hover:translate-x-1 transition-transform"
            fill="none"
            height="24"
            stroke="currentColor"
            stroke-linecap="round"
            stroke-linejoin="round"
            stroke-width="2"
            viewBox="0 0 24 24"
            width="24"
            xmlns="http://www.w3.org/2000/svg"
          >
            <path
              d="M5 12h14"
            />
            <path
              d="m12 5 7 7-7 7"
            />
          </svg>
        </a>
      </div>
      <div
        class="grid grid-cols-1 lg:grid-cols-3 gap-8 mb-20"
      >
        <div
          class="lg:col-span-2 group cursor-pointer"
        >
          <div
            class="relative rounded-2xl overflow-hidden mb-6 border border-border-light shadow-sm group-hover:shadow-xl transition-all"
          >
            <img
              alt="Understanding Kubernetes Networking: A Deep Dive"
              class="w-full h-[400px] object-cover group-hover:scale-105 transition-transform duration-700"
              src="https://picsum.photos/seed/k8s/800/600"
            />
            <div
              class="absolute top-4 left-4"
            >
              <span
                class="px-3 py-1 bg-primary text-white text-xs font-bold uppercase tracking-wider rounded-full"
              >
                Featured
              </span>
            </div>
            <div
              class="absolute inset-0 bg-gradient-to-t from-black/70 via-black/40 to-transparent"
            />
            <div
              class="absolute bottom-0 left-0 p-8"
            >
              <div
                class="flex items-center text-white/80 text-sm mb-3 space-x-4"
              >
                <span
                  class="flex items-center"
                >
                  <svg
                    aria-hidden="true"
                    class="lucide lucide-clock h-4 w-4 mr-1.5"
                    fill="none"
                    height="24"
                    stroke="currentColor"
                    stroke-linecap="round"
                    stroke-linejoin="round"
                    stroke-width="2"
                    viewBox="0 0 24 24"
                    width="24"
                    xmlns="http://www.w3.org/2000/svg"
                  >
                    <path
                      d="M12 6v6l4 2"
                    />
                    <circle
                      cx="12"
                      cy="12"
                      r="10"
                    />
                  </svg>
                   
                  8 min read
                </span>
                <span>
                  Oct 12, 2023
                </span>
              </div>
              <h3
                class="text-3xl font-bold text-white mb-3 group-hover:text-secondary transition-colors"
              >
                Understanding Kubernetes Networking: A Deep Dive
              </h3>
              <p
                class="text-white/90 line-clamp-2 max-w-2xl"
              >
                Exploring the intricacies of CNI plugins, Service meshes, and how packet flow works in a k8s cluster. This guide covers everything from Pod-to-Pod communication to advanced Ingress controllers.
              </p>
            </div>
          </div>
        </div>
        <div
          class="lg:col-span-1 space-y-6"
        >
          <h3
            class="text-lg font-bold text-dark-text border-b border-border-light pb-2"
          >
            Recent Posts
          </h3>
          <div
            class="group cursor-pointer bg-card p-5 rounded-xl border border-border-light hover:border-primary/40 transition-all shadow-sm hover:shadow-md"
          >
            <div
              class="flex items-center justify-between mb-2"
            >
              <span
                class="text-xs font-medium text-primary bg-primary/10 px-2 py-0.5 rounded"
              >
                DevOps
              </span>
              <span
                class="text-xs text-dark-text/50"
              >
                Sep 28, 2023
              </span>
            </div>
            <h4
              class="text-lg font-bold text-dark-text mb-2 group-hover:text-primary transition-colors line-clamp-2"
            >
              Terraform State Management Strategies
            </h4>
            <p
              class="text-dark-text/70 text-sm line-clamp-2 mb-3"
            >
              Best practices for handling remote state, locking, and team collaboration in large-scale infrastructure projects.
            </p>
            <div
              class="flex items-center text-xs text-dark-text/50"
            >
              <svg
                aria-hidden="true"
                class="lucide lucide-clock h-3 w-3 mr-1"
                fill="none"
                height="24"
                stroke="currentColor"
                stroke-linecap="round"
                stroke-linejoin="round"
                stroke-width="2"
                viewBox="0 0 24 24"
                width="24"
                xmlns="http://www.w3.org/2000/svg"
              >
                <path
                  d="M12 6v6l4 2"
                />
                <circle
                  cx="12"
                  cy="12"
                  r="10"
                />
              </svg>
               
              6 min read
            </div>
          </div>
          <div
            class="group cursor-pointer bg-card p-5 rounded-xl border border-border-light hover:border-primary/40 transition-all shadow-sm hover:shadow-md"
          >
            <div
              class="flex items-center justify-between mb-2"
            >
              <span
                class="text-xs font-medium text-primary bg-primary/10 px-2 py-0.5 rounded"
              >
                CI/CD
              </span>
              <span
                class="text-xs text-dark-text/50"
              >
                Aug 15, 2023
              </span>
            </div>
            <h4
              class="text-lg font-bold text-dark-text mb-2 group-hover:text-primary transition-colors line-clamp-2"
            >
              Migrating from Jenkins to GitHub Actions
            </h4>
            <p
              class="text-dark-text/70 text-sm line-clamp-2 mb-3"
            >
              A case study on reducing maintenance overhead and improving developer experience with modern CI/CD.
            </p>
            <div
              class="flex items-center text-xs text-dark-text/50"
            >
              <svg
                aria-hidden="true"
                class="lucide lucide-clock h-3 w-3 mr-1"
                fill="none"
                height="24"
                stroke="currentColor"
                stroke-linecap="round"
                stroke-linejoin="round"
                stroke-width="2"
                viewBox="0 0 24 24"
                width="24"
                xmlns="http://www.w3.org/2000/svg"
              >
                <path
                  d="M12 6v6l4 2"
                />
                <circle
                  cx="12"
                  cy="12"
                  r="10"
                />
              </svg>
               
              5 min read
            </div>
          </div>
        </div>
      </div>
      <div
        class="bg-light-background rounded-3xl border border-border-light p-8 md:p-12 flex flex-col md:flex-row items-center gap-8"
      >
        <div
          class="flex-1 text-center md:text-left"
        >
          <div
            class="inline-flex items-center justify-center p-3 bg-primary/10 rounded-full mb-4"
          >
            <svg
              aria-hidden="true"
              class="lucide lucide-mail h-6 w-6 text-primary"
              fill="none"
              height="24"
              stroke="currentColor"
              stroke-linecap="round"
              stroke-linejoin="round"
              stroke-width="2"
              viewBox="0 0 24 24"
              width="24"
              xmlns="http://www.w3.org/2000/svg"
            >
              <path
                d="m22 7-8.991 5.727a2 2 0 0 1-2.009 0L2 7"
              />
              <rect
                height="16"
                rx="2"
                width="20"
                x="2"
                y="4"
              />
            </svg>
          </div>
          <h3
            class="text-2xl font-bold text-dark-text mb-2"
          >
            Join the Lab
          </h3>
          <p
            class="text-dark-text/70 max-w-md"
          >
            Get weekly insights on High Availability, DevOps culture, and infrastructure patterns directly to your inbox.
          </p>
        </div>
        <div
          class="w-full md:w-auto flex-1 max-w-md"
        >
          <form
            class="flex flex-col sm:flex-row gap-3"
          >
            <input
              class="flex-1 bg-white border border-border-light text-dark-text placeholder-dark-text/40 rounded-lg px-4 py-3 focus:outline-none focus:ring-2 focus:ring-primary/50 transition-all"
              placeholder="Enter your email"
              type="email"
            />
            <button
              class="px-6 py-3 bg-primary hover:bg-orange-700 text-white font-medium rounded-lg transition-colors whitespace-nowrap shadow-lg shadow-primary/30"
            >
              Subscribe
            </button>
          </form>
          <p
            class="text-xs text-dark-text/50 mt-3 text-center md:text-left"
          >
            No spam, unsubscribe anytime. Join 500+ engineers.
          </p>
        </div>
      </div>
    </div>
  </section>
</div>
`;
